.next/dev/types/validator.ts(17,62): error TS1434: Unexpected keyword or identifier.
